// Jest Snapshot v1, https://goo.gl/fbAQLP

exports[`classNames setting "activeItemClassName" to "alt-active" renders correctly 1`] = `"<ul class="pagination justify-content-center"><li class="page-item disabled"><span class="page-link" aria-label="Previous"><span aria-hidden="true">«</span><span class="sr-only">Previous</span></span></li><li class="page-item alt-active"><a class="page-link" href="#">1<span class="sr-only"> (current)</span></a></li><li class="page-item"><a class="page-link" href="#">2</a></li><li class="page-item"><a class="page-link" href="#">3</a></li><li class="page-item"><a class="page-link" href="#">4</a></li><li class="page-item"><a class="page-link" href="#">5</a></li><li class="page-item"><a class="page-link" href="#">6</a></li><li class="page-item"><a class="page-link" href="#">7</a></li><li class="page-item"><a class="page-link" href="#">8</a></li><li class="page-item"><a class="page-link" href="#">9</a></li><li class="page-item"><a class="page-link" href="#">10</a></li><li class="page-item"><a class="page-link" href="#">11</a></li><li class="page-item"><a class="page-link" href="#">12</a></li><li class="page-item"><a class="page-link" href="#">13</a></li><li class="page-item"><a class="page-link" href="#">14</a></li><li class="page-item disabled" aria-hidden="true"><span class="page-link">…</span></li><li class="page-item"><a class="page-link" href="#">100</a></li><li class="page-item"><a class="page-link" href="#" aria-label="Next"><span aria-hidden="true">»</span><span class="sr-only">Next</span></a></li></ul>"`;

exports[`classNames setting "className" to "alt-pagination" renders correctly 1`] = `"<ul class="alt-pagination"><li class="page-item disabled"><span class="page-link" aria-label="Previous"><span aria-hidden="true">«</span><span class="sr-only">Previous</span></span></li><li class="page-item active"><a class="page-link" href="#">1<span class="sr-only"> (current)</span></a></li><li class="page-item"><a class="page-link" href="#">2</a></li><li class="page-item"><a class="page-link" href="#">3</a></li><li class="page-item"><a class="page-link" href="#">4</a></li><li class="page-item"><a class="page-link" href="#">5</a></li><li class="page-item"><a class="page-link" href="#">6</a></li><li class="page-item"><a class="page-link" href="#">7</a></li><li class="page-item"><a class="page-link" href="#">8</a></li><li class="page-item"><a class="page-link" href="#">9</a></li><li class="page-item"><a class="page-link" href="#">10</a></li><li class="page-item"><a class="page-link" href="#">11</a></li><li class="page-item"><a class="page-link" href="#">12</a></li><li class="page-item"><a class="page-link" href="#">13</a></li><li class="page-item"><a class="page-link" href="#">14</a></li><li class="page-item disabled" aria-hidden="true"><span class="page-link">…</span></li><li class="page-item"><a class="page-link" href="#">100</a></li><li class="page-item"><a class="page-link" href="#" aria-label="Next"><span aria-hidden="true">»</span><span class="sr-only">Next</span></a></li></ul>"`;

exports[`classNames setting "disabledItemClassName" to "alt-disabled" renders correctly 1`] = `"<ul class="pagination justify-content-center"><li class="page-item alt-disabled"><span class="page-link" aria-label="Previous"><span aria-hidden="true">«</span><span class="sr-only">Previous</span></span></li><li class="page-item active"><a class="page-link" href="#">1<span class="sr-only"> (current)</span></a></li><li class="page-item"><a class="page-link" href="#">2</a></li><li class="page-item"><a class="page-link" href="#">3</a></li><li class="page-item"><a class="page-link" href="#">4</a></li><li class="page-item"><a class="page-link" href="#">5</a></li><li class="page-item"><a class="page-link" href="#">6</a></li><li class="page-item"><a class="page-link" href="#">7</a></li><li class="page-item"><a class="page-link" href="#">8</a></li><li class="page-item"><a class="page-link" href="#">9</a></li><li class="page-item"><a class="page-link" href="#">10</a></li><li class="page-item"><a class="page-link" href="#">11</a></li><li class="page-item"><a class="page-link" href="#">12</a></li><li class="page-item"><a class="page-link" href="#">13</a></li><li class="page-item"><a class="page-link" href="#">14</a></li><li class="page-item alt-disabled" aria-hidden="true"><span class="page-link">…</span></li><li class="page-item"><a class="page-link" href="#">100</a></li><li class="page-item"><a class="page-link" href="#" aria-label="Next"><span aria-hidden="true">»</span><span class="sr-only">Next</span></a></li></ul>"`;

exports[`classNames setting "pageItemClassName" to "alt-page-item" renders correctly 1`] = `"<ul class="pagination justify-content-center"><li class="alt-page-item disabled"><span class="page-link" aria-label="Previous"><span aria-hidden="true">«</span><span class="sr-only">Previous</span></span></li><li class="alt-page-item active"><a class="page-link" href="#">1<span class="sr-only"> (current)</span></a></li><li class="alt-page-item"><a class="page-link" href="#">2</a></li><li class="alt-page-item"><a class="page-link" href="#">3</a></li><li class="alt-page-item"><a class="page-link" href="#">4</a></li><li class="alt-page-item"><a class="page-link" href="#">5</a></li><li class="alt-page-item"><a class="page-link" href="#">6</a></li><li class="alt-page-item"><a class="page-link" href="#">7</a></li><li class="alt-page-item"><a class="page-link" href="#">8</a></li><li class="alt-page-item"><a class="page-link" href="#">9</a></li><li class="alt-page-item"><a class="page-link" href="#">10</a></li><li class="alt-page-item"><a class="page-link" href="#">11</a></li><li class="alt-page-item"><a class="page-link" href="#">12</a></li><li class="alt-page-item"><a class="page-link" href="#">13</a></li><li class="alt-page-item"><a class="page-link" href="#">14</a></li><li class="alt-page-item disabled" aria-hidden="true"><span class="page-link">…</span></li><li class="alt-page-item"><a class="page-link" href="#">100</a></li><li class="alt-page-item"><a class="page-link" href="#" aria-label="Next"><span aria-hidden="true">»</span><span class="sr-only">Next</span></a></li></ul>"`;

exports[`classNames setting "pageLinkClassName" to "alt-page-link" renders correctly 1`] = `"<ul class="pagination justify-content-center"><li class="page-item disabled"><span class="alt-page-link" aria-label="Previous"><span aria-hidden="true">«</span><span class="sr-only">Previous</span></span></li><li class="page-item active"><a class="alt-page-link" href="#">1<span class="sr-only"> (current)</span></a></li><li class="page-item"><a class="alt-page-link" href="#">2</a></li><li class="page-item"><a class="alt-page-link" href="#">3</a></li><li class="page-item"><a class="alt-page-link" href="#">4</a></li><li class="page-item"><a class="alt-page-link" href="#">5</a></li><li class="page-item"><a class="alt-page-link" href="#">6</a></li><li class="page-item"><a class="alt-page-link" href="#">7</a></li><li class="page-item"><a class="alt-page-link" href="#">8</a></li><li class="page-item"><a class="alt-page-link" href="#">9</a></li><li class="page-item"><a class="alt-page-link" href="#">10</a></li><li class="page-item"><a class="alt-page-link" href="#">11</a></li><li class="page-item"><a class="alt-page-link" href="#">12</a></li><li class="page-item"><a class="alt-page-link" href="#">13</a></li><li class="page-item"><a class="alt-page-link" href="#">14</a></li><li class="page-item"><a class="alt-page-link" href="#">15</a></li><li class="page-item"><a class="alt-page-link" href="#">16</a></li><li class="page-item"><a class="alt-page-link" href="#">17</a></li><li class="page-item disabled" aria-hidden="true"><span class="alt-page-link">…</span></li><li class="page-item"><a class="alt-page-link" href="#">100</a></li><li class="page-item"><a class="alt-page-link" href="#" aria-label="Next"><span aria-hidden="true">»</span><span class="sr-only">Next</span></a></li></ul>"`;

exports[`classNames setting "srOnlyClassName" to "" removes screen reader spans 1`] = `"<ul class="pagination justify-content-center"><li class="page-item disabled"><span class="page-link" aria-label="Previous"><span aria-hidden="true">«</span></span></li><li class="page-item active"><a class="page-link" href="#">1</a></li><li class="page-item"><a class="page-link" href="#">2</a></li><li class="page-item"><a class="page-link" href="#">3</a></li><li class="page-item"><a class="page-link" href="#">4</a></li><li class="page-item"><a class="page-link" href="#">5</a></li><li class="page-item"><a class="page-link" href="#">6</a></li><li class="page-item"><a class="page-link" href="#">7</a></li><li class="page-item"><a class="page-link" href="#">8</a></li><li class="page-item"><a class="page-link" href="#">9</a></li><li class="page-item"><a class="page-link" href="#">10</a></li><li class="page-item"><a class="page-link" href="#">11</a></li><li class="page-item"><a class="page-link" href="#">12</a></li><li class="page-item"><a class="page-link" href="#">13</a></li><li class="page-item"><a class="page-link" href="#">14</a></li><li class="page-item disabled" aria-hidden="true"><span class="page-link">…</span></li><li class="page-item"><a class="page-link" href="#">100</a></li><li class="page-item"><a class="page-link" href="#" aria-label="Next"><span aria-hidden="true">»</span></a></li></ul>"`;

exports[`classNames setting "srOnlyClassName" to "alt-sr-only" renders correctly 1`] = `"<ul class="pagination justify-content-center"><li class="page-item disabled"><span class="page-link" aria-label="Previous"><span aria-hidden="true">«</span><span class="alt-sr-only">Previous</span></span></li><li class="page-item active"><a class="page-link" href="#">1<span class="alt-sr-only"> (current)</span></a></li><li class="page-item"><a class="page-link" href="#">2</a></li><li class="page-item"><a class="page-link" href="#">3</a></li><li class="page-item"><a class="page-link" href="#">4</a></li><li class="page-item"><a class="page-link" href="#">5</a></li><li class="page-item"><a class="page-link" href="#">6</a></li><li class="page-item"><a class="page-link" href="#">7</a></li><li class="page-item"><a class="page-link" href="#">8</a></li><li class="page-item"><a class="page-link" href="#">9</a></li><li class="page-item"><a class="page-link" href="#">10</a></li><li class="page-item"><a class="page-link" href="#">11</a></li><li class="page-item"><a class="page-link" href="#">12</a></li><li class="page-item"><a class="page-link" href="#">13</a></li><li class="page-item"><a class="page-link" href="#">14</a></li><li class="page-item disabled" aria-hidden="true"><span class="page-link">…</span></li><li class="page-item"><a class="page-link" href="#">100</a></li><li class="page-item"><a class="page-link" href="#" aria-label="Next"><span aria-hidden="true">»</span><span class="alt-sr-only">Next</span></a></li></ul>"`;
