// Jest Snapshot v1, https://goo.gl/fbAQLP

exports[`Label Behaviour Setting a11yActiveLabel to "active" 1`] = `"<ul class="pagination justify-content-center"><li class="page-item disabled"><span class="page-link" aria-label="Previous"><span aria-hidden="true">«</span><span class="sr-only">Previous</span></span></li><li class="page-item active" aria-current="page"><a class="page-link" href="#">1<span class="sr-only"> active</span></a></li><li class="page-item"><a class="page-link" href="#">2</a></li><li class="page-item"><a class="page-link" href="#">3</a></li><li class="page-item"><a class="page-link" href="#">4</a></li><li class="page-item"><a class="page-link" href="#">5</a></li><li class="page-item"><a class="page-link" href="#">6</a></li><li class="page-item"><a class="page-link" href="#">7</a></li><li class="page-item"><a class="page-link" href="#">8</a></li><li class="page-item"><a class="page-link" href="#">9</a></li><li class="page-item"><a class="page-link" href="#">10</a></li><li class="page-item"><a class="page-link" href="#">11</a></li><li class="page-item"><a class="page-link" href="#">12</a></li><li class="page-item"><a class="page-link" href="#">13</a></li><li class="page-item"><a class="page-link" href="#">14</a></li><li class="page-item disabled" aria-hidden="true"><span class="page-link">…</span></li><li class="page-item"><a class="page-link" href="#">100</a></li><li class="page-item"><a class="page-link" href="#" aria-label="Next"><span aria-hidden="true">»</span><span class="sr-only">Next</span></a></li></ul>"`;

exports[`Label Behaviour Setting a11yActiveLabel to undefined 1`] = `"<ul class="pagination justify-content-center"><li class="page-item disabled"><span class="page-link" aria-label="Previous"><span aria-hidden="true">«</span><span class="sr-only">Previous</span></span></li><li class="page-item active" aria-current="page"><a class="page-link" href="#">1<span class="sr-only"> (current)</span></a></li><li class="page-item"><a class="page-link" href="#">2</a></li><li class="page-item"><a class="page-link" href="#">3</a></li><li class="page-item"><a class="page-link" href="#">4</a></li><li class="page-item"><a class="page-link" href="#">5</a></li><li class="page-item"><a class="page-link" href="#">6</a></li><li class="page-item"><a class="page-link" href="#">7</a></li><li class="page-item"><a class="page-link" href="#">8</a></li><li class="page-item"><a class="page-link" href="#">9</a></li><li class="page-item"><a class="page-link" href="#">10</a></li><li class="page-item"><a class="page-link" href="#">11</a></li><li class="page-item"><a class="page-link" href="#">12</a></li><li class="page-item"><a class="page-link" href="#">13</a></li><li class="page-item"><a class="page-link" href="#">14</a></li><li class="page-item disabled" aria-hidden="true"><span class="page-link">…</span></li><li class="page-item"><a class="page-link" href="#">100</a></li><li class="page-item"><a class="page-link" href="#" aria-label="Next"><span aria-hidden="true">»</span><span class="sr-only">Next</span></a></li></ul>"`;

exports[`Label Behaviour Setting srOnlyClassName to "alt-sr-only" 1`] = `"<ul class="pagination justify-content-center"><li class="page-item disabled"><span class="page-link" aria-label="Previous"><span aria-hidden="true">«</span><span class="alt-sr-only">Previous</span></span></li><li class="page-item active" aria-current="page"><a class="page-link" href="#">1<span class="alt-sr-only"> (current)</span></a></li><li class="page-item"><a class="page-link" href="#">2</a></li><li class="page-item"><a class="page-link" href="#">3</a></li><li class="page-item"><a class="page-link" href="#">4</a></li><li class="page-item"><a class="page-link" href="#">5</a></li><li class="page-item"><a class="page-link" href="#">6</a></li><li class="page-item"><a class="page-link" href="#">7</a></li><li class="page-item"><a class="page-link" href="#">8</a></li><li class="page-item"><a class="page-link" href="#">9</a></li><li class="page-item"><a class="page-link" href="#">10</a></li><li class="page-item"><a class="page-link" href="#">11</a></li><li class="page-item"><a class="page-link" href="#">12</a></li><li class="page-item"><a class="page-link" href="#">13</a></li><li class="page-item"><a class="page-link" href="#">14</a></li><li class="page-item disabled" aria-hidden="true"><span class="page-link">…</span></li><li class="page-item"><a class="page-link" href="#">100</a></li><li class="page-item"><a class="page-link" href="#" aria-label="Next"><span aria-hidden="true">»</span><span class="alt-sr-only">Next</span></a></li></ul>"`;

exports[`Label Behaviour Setting srOnlyClassName to undefined 1`] = `"<ul class="pagination justify-content-center"><li class="page-item disabled"><span class="page-link" aria-label="Previous"><span aria-hidden="true">«</span><span class="sr-only">Previous</span></span></li><li class="page-item active" aria-current="page"><a class="page-link" href="#">1<span class="sr-only"> (current)</span></a></li><li class="page-item"><a class="page-link" href="#">2</a></li><li class="page-item"><a class="page-link" href="#">3</a></li><li class="page-item"><a class="page-link" href="#">4</a></li><li class="page-item"><a class="page-link" href="#">5</a></li><li class="page-item"><a class="page-link" href="#">6</a></li><li class="page-item"><a class="page-link" href="#">7</a></li><li class="page-item"><a class="page-link" href="#">8</a></li><li class="page-item"><a class="page-link" href="#">9</a></li><li class="page-item"><a class="page-link" href="#">10</a></li><li class="page-item"><a class="page-link" href="#">11</a></li><li class="page-item"><a class="page-link" href="#">12</a></li><li class="page-item"><a class="page-link" href="#">13</a></li><li class="page-item"><a class="page-link" href="#">14</a></li><li class="page-item disabled" aria-hidden="true"><span class="page-link">…</span></li><li class="page-item"><a class="page-link" href="#">100</a></li><li class="page-item"><a class="page-link" href="#" aria-label="Next"><span aria-hidden="true">»</span><span class="sr-only">Next</span></a></li></ul>"`;
