// Jest Snapshot v1, https://goo.gl/fbAQLP

exports[`Labels Setting a11yActiveLabel to "" 1`] = `"<ul class="pagination justify-content-center"><li class="page-item disabled"><span class="page-link" aria-label="Previous"><span aria-hidden="true">«</span></span></li><li class="page-item active" aria-current="page"><a class="page-link" href="#">1</a></li><li class="page-item"><a class="page-link" href="#">2</a></li><li class="page-item"><a class="page-link" href="#">3</a></li><li class="page-item"><a class="page-link" href="#">4</a></li><li class="page-item"><a class="page-link" href="#">5</a></li><li class="page-item"><a class="page-link" href="#">6</a></li><li class="page-item"><a class="page-link" href="#">7</a></li><li class="page-item"><a class="page-link" href="#">8</a></li><li class="page-item"><a class="page-link" href="#">9</a></li><li class="page-item"><a class="page-link" href="#">10</a></li><li class="page-item"><a class="page-link" href="#">11</a></li><li class="page-item"><a class="page-link" href="#">12</a></li><li class="page-item"><a class="page-link" href="#">13</a></li><li class="page-item"><a class="page-link" href="#">14</a></li><li class="page-item disabled" aria-hidden="true"><span class="page-link">…</span></li><li class="page-item"><a class="page-link" href="#">100</a></li><li class="page-item"><a class="page-link" href="#" aria-label="Next"><span aria-hidden="true">»</span></a></li></ul>"`;

exports[`Labels Setting a11yActiveLabel to "active" 1`] = `"<ul class="pagination justify-content-center"><li class="page-item disabled"><span class="page-link" aria-label="Previous"><span aria-hidden="true">«</span></span></li><li class="page-item active" aria-current="page"><a class="page-link" href="#">1</a></li><li class="page-item"><a class="page-link" href="#">2</a></li><li class="page-item"><a class="page-link" href="#">3</a></li><li class="page-item"><a class="page-link" href="#">4</a></li><li class="page-item"><a class="page-link" href="#">5</a></li><li class="page-item"><a class="page-link" href="#">6</a></li><li class="page-item"><a class="page-link" href="#">7</a></li><li class="page-item"><a class="page-link" href="#">8</a></li><li class="page-item"><a class="page-link" href="#">9</a></li><li class="page-item"><a class="page-link" href="#">10</a></li><li class="page-item"><a class="page-link" href="#">11</a></li><li class="page-item"><a class="page-link" href="#">12</a></li><li class="page-item"><a class="page-link" href="#">13</a></li><li class="page-item"><a class="page-link" href="#">14</a></li><li class="page-item disabled" aria-hidden="true"><span class="page-link">…</span></li><li class="page-item"><a class="page-link" href="#">100</a></li><li class="page-item"><a class="page-link" href="#" aria-label="Next"><span aria-hidden="true">»</span></a></li></ul>"`;

exports[`Labels Setting a11yActiveLabel to undefined 1`] = `"<ul class="pagination justify-content-center"><li class="page-item disabled"><span class="page-link" aria-label="Previous"><span aria-hidden="true">«</span></span></li><li class="page-item active" aria-current="page"><a class="page-link" href="#">1</a></li><li class="page-item"><a class="page-link" href="#">2</a></li><li class="page-item"><a class="page-link" href="#">3</a></li><li class="page-item"><a class="page-link" href="#">4</a></li><li class="page-item"><a class="page-link" href="#">5</a></li><li class="page-item"><a class="page-link" href="#">6</a></li><li class="page-item"><a class="page-link" href="#">7</a></li><li class="page-item"><a class="page-link" href="#">8</a></li><li class="page-item"><a class="page-link" href="#">9</a></li><li class="page-item"><a class="page-link" href="#">10</a></li><li class="page-item"><a class="page-link" href="#">11</a></li><li class="page-item"><a class="page-link" href="#">12</a></li><li class="page-item"><a class="page-link" href="#">13</a></li><li class="page-item"><a class="page-link" href="#">14</a></li><li class="page-item disabled" aria-hidden="true"><span class="page-link">…</span></li><li class="page-item"><a class="page-link" href="#">100</a></li><li class="page-item"><a class="page-link" href="#" aria-label="Next"><span aria-hidden="true">»</span></a></li></ul>"`;

exports[`Labels Setting ariaCurrentAttr to true 1`] = `"<ul class="pagination justify-content-center"><li class="page-item disabled"><span class="page-link" aria-label="Previous"><span aria-hidden="true">«</span></span></li><li class="page-item active" aria-current="page"><a class="page-link" href="#">1</a></li><li class="page-item"><a class="page-link" href="#">2</a></li><li class="page-item"><a class="page-link" href="#">3</a></li><li class="page-item"><a class="page-link" href="#">4</a></li><li class="page-item"><a class="page-link" href="#">5</a></li><li class="page-item"><a class="page-link" href="#">6</a></li><li class="page-item"><a class="page-link" href="#">7</a></li><li class="page-item"><a class="page-link" href="#">8</a></li><li class="page-item"><a class="page-link" href="#">9</a></li><li class="page-item"><a class="page-link" href="#">10</a></li><li class="page-item"><a class="page-link" href="#">11</a></li><li class="page-item"><a class="page-link" href="#">12</a></li><li class="page-item"><a class="page-link" href="#">13</a></li><li class="page-item"><a class="page-link" href="#">14</a></li><li class="page-item disabled" aria-hidden="true"><span class="page-link">…</span></li><li class="page-item"><a class="page-link" href="#">100</a></li><li class="page-item"><a class="page-link" href="#" aria-label="Next"><span aria-hidden="true">»</span></a></li></ul>"`;

exports[`Labels Setting ariaCurrentAttr to undefined 1`] = `"<ul class="pagination justify-content-center"><li class="page-item disabled"><span class="page-link" aria-label="Previous"><span aria-hidden="true">«</span></span></li><li class="page-item active" aria-current="page"><a class="page-link" href="#">1</a></li><li class="page-item"><a class="page-link" href="#">2</a></li><li class="page-item"><a class="page-link" href="#">3</a></li><li class="page-item"><a class="page-link" href="#">4</a></li><li class="page-item"><a class="page-link" href="#">5</a></li><li class="page-item"><a class="page-link" href="#">6</a></li><li class="page-item"><a class="page-link" href="#">7</a></li><li class="page-item"><a class="page-link" href="#">8</a></li><li class="page-item"><a class="page-link" href="#">9</a></li><li class="page-item"><a class="page-link" href="#">10</a></li><li class="page-item"><a class="page-link" href="#">11</a></li><li class="page-item"><a class="page-link" href="#">12</a></li><li class="page-item"><a class="page-link" href="#">13</a></li><li class="page-item"><a class="page-link" href="#">14</a></li><li class="page-item disabled" aria-hidden="true"><span class="page-link">…</span></li><li class="page-item"><a class="page-link" href="#">100</a></li><li class="page-item"><a class="page-link" href="#" aria-label="Next"><span aria-hidden="true">»</span></a></li></ul>"`;

exports[`Labels Setting ariaNextLabel to "AriaNext" 1`] = `"<ul class="pagination justify-content-center"><li class="page-item disabled"><span class="page-link" aria-label="Previous"><span aria-hidden="true">«</span></span></li><li class="page-item active" aria-current="page"><a class="page-link" href="#">1</a></li><li class="page-item"><a class="page-link" href="#">2</a></li><li class="page-item"><a class="page-link" href="#">3</a></li><li class="page-item"><a class="page-link" href="#">4</a></li><li class="page-item"><a class="page-link" href="#">5</a></li><li class="page-item"><a class="page-link" href="#">6</a></li><li class="page-item"><a class="page-link" href="#">7</a></li><li class="page-item"><a class="page-link" href="#">8</a></li><li class="page-item"><a class="page-link" href="#">9</a></li><li class="page-item"><a class="page-link" href="#">10</a></li><li class="page-item"><a class="page-link" href="#">11</a></li><li class="page-item"><a class="page-link" href="#">12</a></li><li class="page-item"><a class="page-link" href="#">13</a></li><li class="page-item"><a class="page-link" href="#">14</a></li><li class="page-item disabled" aria-hidden="true"><span class="page-link">…</span></li><li class="page-item"><a class="page-link" href="#">100</a></li><li class="page-item"><a class="page-link" href="#" aria-label="AriaNext"><span aria-hidden="true">»</span></a></li></ul>"`;

exports[`Labels Setting ariaNextLabel to undefined 1`] = `"<ul class="pagination justify-content-center"><li class="page-item disabled"><span class="page-link" aria-label="Previous"><span aria-hidden="true">«</span></span></li><li class="page-item active" aria-current="page"><a class="page-link" href="#">1</a></li><li class="page-item"><a class="page-link" href="#">2</a></li><li class="page-item"><a class="page-link" href="#">3</a></li><li class="page-item"><a class="page-link" href="#">4</a></li><li class="page-item"><a class="page-link" href="#">5</a></li><li class="page-item"><a class="page-link" href="#">6</a></li><li class="page-item"><a class="page-link" href="#">7</a></li><li class="page-item"><a class="page-link" href="#">8</a></li><li class="page-item"><a class="page-link" href="#">9</a></li><li class="page-item"><a class="page-link" href="#">10</a></li><li class="page-item"><a class="page-link" href="#">11</a></li><li class="page-item"><a class="page-link" href="#">12</a></li><li class="page-item"><a class="page-link" href="#">13</a></li><li class="page-item"><a class="page-link" href="#">14</a></li><li class="page-item disabled" aria-hidden="true"><span class="page-link">…</span></li><li class="page-item"><a class="page-link" href="#">100</a></li><li class="page-item"><a class="page-link" href="#" aria-label="Next"><span aria-hidden="true">»</span></a></li></ul>"`;

exports[`Labels Setting ariaPreviousLabel to "AriaPrevious" 1`] = `"<ul class="pagination justify-content-center"><li class="page-item disabled"><span class="page-link" aria-label="AriaPrevious"><span aria-hidden="true">«</span></span></li><li class="page-item active" aria-current="page"><a class="page-link" href="#">1</a></li><li class="page-item"><a class="page-link" href="#">2</a></li><li class="page-item"><a class="page-link" href="#">3</a></li><li class="page-item"><a class="page-link" href="#">4</a></li><li class="page-item"><a class="page-link" href="#">5</a></li><li class="page-item"><a class="page-link" href="#">6</a></li><li class="page-item"><a class="page-link" href="#">7</a></li><li class="page-item"><a class="page-link" href="#">8</a></li><li class="page-item"><a class="page-link" href="#">9</a></li><li class="page-item"><a class="page-link" href="#">10</a></li><li class="page-item"><a class="page-link" href="#">11</a></li><li class="page-item"><a class="page-link" href="#">12</a></li><li class="page-item"><a class="page-link" href="#">13</a></li><li class="page-item"><a class="page-link" href="#">14</a></li><li class="page-item disabled" aria-hidden="true"><span class="page-link">…</span></li><li class="page-item"><a class="page-link" href="#">100</a></li><li class="page-item"><a class="page-link" href="#" aria-label="Next"><span aria-hidden="true">»</span></a></li></ul>"`;

exports[`Labels Setting ariaPreviousLabel to undefined 1`] = `"<ul class="pagination justify-content-center"><li class="page-item disabled"><span class="page-link" aria-label="Previous"><span aria-hidden="true">«</span></span></li><li class="page-item active" aria-current="page"><a class="page-link" href="#">1</a></li><li class="page-item"><a class="page-link" href="#">2</a></li><li class="page-item"><a class="page-link" href="#">3</a></li><li class="page-item"><a class="page-link" href="#">4</a></li><li class="page-item"><a class="page-link" href="#">5</a></li><li class="page-item"><a class="page-link" href="#">6</a></li><li class="page-item"><a class="page-link" href="#">7</a></li><li class="page-item"><a class="page-link" href="#">8</a></li><li class="page-item"><a class="page-link" href="#">9</a></li><li class="page-item"><a class="page-link" href="#">10</a></li><li class="page-item"><a class="page-link" href="#">11</a></li><li class="page-item"><a class="page-link" href="#">12</a></li><li class="page-item"><a class="page-link" href="#">13</a></li><li class="page-item"><a class="page-link" href="#">14</a></li><li class="page-item disabled" aria-hidden="true"><span class="page-link">…</span></li><li class="page-item"><a class="page-link" href="#">100</a></li><li class="page-item"><a class="page-link" href="#" aria-label="Next"><span aria-hidden="true">»</span></a></li></ul>"`;

exports[`Labels Setting nextLabel to ">" 1`] = `"<ul class="pagination justify-content-center"><li class="page-item disabled"><span class="page-link" aria-label="Previous"><span aria-hidden="true">«</span></span></li><li class="page-item active" aria-current="page"><a class="page-link" href="#">1</a></li><li class="page-item"><a class="page-link" href="#">2</a></li><li class="page-item"><a class="page-link" href="#">3</a></li><li class="page-item"><a class="page-link" href="#">4</a></li><li class="page-item"><a class="page-link" href="#">5</a></li><li class="page-item"><a class="page-link" href="#">6</a></li><li class="page-item"><a class="page-link" href="#">7</a></li><li class="page-item"><a class="page-link" href="#">8</a></li><li class="page-item"><a class="page-link" href="#">9</a></li><li class="page-item"><a class="page-link" href="#">10</a></li><li class="page-item"><a class="page-link" href="#">11</a></li><li class="page-item"><a class="page-link" href="#">12</a></li><li class="page-item"><a class="page-link" href="#">13</a></li><li class="page-item"><a class="page-link" href="#">14</a></li><li class="page-item disabled" aria-hidden="true"><span class="page-link">…</span></li><li class="page-item"><a class="page-link" href="#">100</a></li><li class="page-item"><a class="page-link" href="#" aria-label="Next"><span aria-hidden="true">&gt;</span></a></li></ul>"`;

exports[`Labels Setting nextLabel to "Next" 1`] = `"<ul class="pagination justify-content-center"><li class="page-item disabled"><span class="page-link" aria-label="Previous"><span aria-hidden="true">«</span></span></li><li class="page-item active" aria-current="page"><a class="page-link" href="#">1</a></li><li class="page-item"><a class="page-link" href="#">2</a></li><li class="page-item"><a class="page-link" href="#">3</a></li><li class="page-item"><a class="page-link" href="#">4</a></li><li class="page-item"><a class="page-link" href="#">5</a></li><li class="page-item"><a class="page-link" href="#">6</a></li><li class="page-item"><a class="page-link" href="#">7</a></li><li class="page-item"><a class="page-link" href="#">8</a></li><li class="page-item"><a class="page-link" href="#">9</a></li><li class="page-item"><a class="page-link" href="#">10</a></li><li class="page-item"><a class="page-link" href="#">11</a></li><li class="page-item"><a class="page-link" href="#">12</a></li><li class="page-item"><a class="page-link" href="#">13</a></li><li class="page-item disabled" aria-hidden="true"><span class="page-link">…</span></li><li class="page-item"><a class="page-link" href="#">100</a></li><li class="page-item"><a class="page-link" href="#">Next</a></li></ul>"`;

exports[`Labels Setting nextLabel to undefined 1`] = `"<ul class="pagination justify-content-center"><li class="page-item disabled"><span class="page-link" aria-label="Previous"><span aria-hidden="true">«</span></span></li><li class="page-item active" aria-current="page"><a class="page-link" href="#">1</a></li><li class="page-item"><a class="page-link" href="#">2</a></li><li class="page-item"><a class="page-link" href="#">3</a></li><li class="page-item"><a class="page-link" href="#">4</a></li><li class="page-item"><a class="page-link" href="#">5</a></li><li class="page-item"><a class="page-link" href="#">6</a></li><li class="page-item"><a class="page-link" href="#">7</a></li><li class="page-item"><a class="page-link" href="#">8</a></li><li class="page-item"><a class="page-link" href="#">9</a></li><li class="page-item"><a class="page-link" href="#">10</a></li><li class="page-item"><a class="page-link" href="#">11</a></li><li class="page-item"><a class="page-link" href="#">12</a></li><li class="page-item"><a class="page-link" href="#">13</a></li><li class="page-item"><a class="page-link" href="#">14</a></li><li class="page-item disabled" aria-hidden="true"><span class="page-link">…</span></li><li class="page-item"><a class="page-link" href="#">100</a></li><li class="page-item"><a class="page-link" href="#" aria-label="Next"><span aria-hidden="true">»</span></a></li></ul>"`;

exports[`Labels Setting previousLabel to "<" 1`] = `"<ul class="pagination justify-content-center"><li class="page-item disabled"><span class="page-link" aria-label="Previous"><span aria-hidden="true">&lt;</span></span></li><li class="page-item active" aria-current="page"><a class="page-link" href="#">1</a></li><li class="page-item"><a class="page-link" href="#">2</a></li><li class="page-item"><a class="page-link" href="#">3</a></li><li class="page-item"><a class="page-link" href="#">4</a></li><li class="page-item"><a class="page-link" href="#">5</a></li><li class="page-item"><a class="page-link" href="#">6</a></li><li class="page-item"><a class="page-link" href="#">7</a></li><li class="page-item"><a class="page-link" href="#">8</a></li><li class="page-item"><a class="page-link" href="#">9</a></li><li class="page-item"><a class="page-link" href="#">10</a></li><li class="page-item"><a class="page-link" href="#">11</a></li><li class="page-item"><a class="page-link" href="#">12</a></li><li class="page-item"><a class="page-link" href="#">13</a></li><li class="page-item"><a class="page-link" href="#">14</a></li><li class="page-item disabled" aria-hidden="true"><span class="page-link">…</span></li><li class="page-item"><a class="page-link" href="#">100</a></li><li class="page-item"><a class="page-link" href="#" aria-label="Next"><span aria-hidden="true">»</span></a></li></ul>"`;

exports[`Labels Setting previousLabel to "Previous" 1`] = `"<ul class="pagination justify-content-center"><li class="page-item disabled"><span class="page-link">Previous</span></li><li class="page-item active" aria-current="page"><a class="page-link" href="#">1</a></li><li class="page-item"><a class="page-link" href="#">2</a></li><li class="page-item"><a class="page-link" href="#">3</a></li><li class="page-item"><a class="page-link" href="#">4</a></li><li class="page-item"><a class="page-link" href="#">5</a></li><li class="page-item"><a class="page-link" href="#">6</a></li><li class="page-item"><a class="page-link" href="#">7</a></li><li class="page-item"><a class="page-link" href="#">8</a></li><li class="page-item"><a class="page-link" href="#">9</a></li><li class="page-item"><a class="page-link" href="#">10</a></li><li class="page-item"><a class="page-link" href="#">11</a></li><li class="page-item"><a class="page-link" href="#">12</a></li><li class="page-item"><a class="page-link" href="#">13</a></li><li class="page-item disabled" aria-hidden="true"><span class="page-link">…</span></li><li class="page-item"><a class="page-link" href="#">100</a></li><li class="page-item"><a class="page-link" href="#" aria-label="Next"><span aria-hidden="true">»</span></a></li></ul>"`;

exports[`Labels Setting previousLabel to undefined 1`] = `"<ul class="pagination justify-content-center"><li class="page-item disabled"><span class="page-link" aria-label="Previous"><span aria-hidden="true">«</span></span></li><li class="page-item active" aria-current="page"><a class="page-link" href="#">1</a></li><li class="page-item"><a class="page-link" href="#">2</a></li><li class="page-item"><a class="page-link" href="#">3</a></li><li class="page-item"><a class="page-link" href="#">4</a></li><li class="page-item"><a class="page-link" href="#">5</a></li><li class="page-item"><a class="page-link" href="#">6</a></li><li class="page-item"><a class="page-link" href="#">7</a></li><li class="page-item"><a class="page-link" href="#">8</a></li><li class="page-item"><a class="page-link" href="#">9</a></li><li class="page-item"><a class="page-link" href="#">10</a></li><li class="page-item"><a class="page-link" href="#">11</a></li><li class="page-item"><a class="page-link" href="#">12</a></li><li class="page-item"><a class="page-link" href="#">13</a></li><li class="page-item"><a class="page-link" href="#">14</a></li><li class="page-item disabled" aria-hidden="true"><span class="page-link">…</span></li><li class="page-item"><a class="page-link" href="#">100</a></li><li class="page-item"><a class="page-link" href="#" aria-label="Next"><span aria-hidden="true">»</span></a></li></ul>"`;
