// Jest Snapshot v1, https://goo.gl/fbAQLP

exports[`Pagination maxWidth renders correctly with maxWidth of 250 1`] = `"<li class=\\"page-item disabled\\"><span class=\\"page-link\\"><span aria-hidden=\\"true\\">«</span><span class=\\"sr-only\\">Previous</span></span></li><li class=\\"page-item active\\"><a class=\\"page-link\\" href=\\"#\\" aria-label=\\"(current)\\"><span aria-hidden=\\"true\\">1</span><span class=\\"sr-only\\">(current)</span></a></li><li class=\\"page-item\\"><a class=\\"page-link\\" href=\\"#\\">2</a></li><li class=\\"page-item disabled\\" aria-hidden=\\"true\\"><span class=\\"page-link\\">…</span></li><li class=\\"page-item\\"><a class=\\"page-link\\" href=\\"#\\">100</a></li><li class=\\"page-item\\"><a class=\\"page-link\\" href=\\"#\\" aria-label=\\"Next\\"><span aria-hidden=\\"true\\">»</span><span class=\\"sr-only\\">Next</span></a></li>"`;

exports[`Pagination maxWidth renders correctly with maxWidth of 400 1`] = `"<li class=\\"page-item disabled\\"><span class=\\"page-link\\"><span aria-hidden=\\"true\\">«</span><span class=\\"sr-only\\">Previous</span></span></li><li class=\\"page-item active\\"><a class=\\"page-link\\" href=\\"#\\" aria-label=\\"(current)\\"><span aria-hidden=\\"true\\">1</span><span class=\\"sr-only\\">(current)</span></a></li><li class=\\"page-item\\"><a class=\\"page-link\\" href=\\"#\\">2</a></li><li class=\\"page-item\\"><a class=\\"page-link\\" href=\\"#\\">3</a></li><li class=\\"page-item\\"><a class=\\"page-link\\" href=\\"#\\">4</a></li><li class=\\"page-item\\"><a class=\\"page-link\\" href=\\"#\\">5</a></li><li class=\\"page-item\\"><a class=\\"page-link\\" href=\\"#\\">6</a></li><li class=\\"page-item\\"><a class=\\"page-link\\" href=\\"#\\">7</a></li><li class=\\"page-item disabled\\" aria-hidden=\\"true\\"><span class=\\"page-link\\">…</span></li><li class=\\"page-item\\"><a class=\\"page-link\\" href=\\"#\\">100</a></li><li class=\\"page-item\\"><a class=\\"page-link\\" href=\\"#\\" aria-label=\\"Next\\"><span aria-hidden=\\"true\\">»</span><span class=\\"sr-only\\">Next</span></a></li>"`;

exports[`Pagination maxWidth renders correctly with maxWidth of null 1`] = `"<li class=\\"page-item disabled\\"><span class=\\"page-link\\"><span aria-hidden=\\"true\\">«</span><span class=\\"sr-only\\">Previous</span></span></li><li class=\\"page-item active\\"><a class=\\"page-link\\" href=\\"#\\" aria-label=\\"(current)\\"><span aria-hidden=\\"true\\">1</span><span class=\\"sr-only\\">(current)</span></a></li><li class=\\"page-item\\"><a class=\\"page-link\\" href=\\"#\\">2</a></li><li class=\\"page-item\\"><a class=\\"page-link\\" href=\\"#\\">3</a></li><li class=\\"page-item\\"><a class=\\"page-link\\" href=\\"#\\">4</a></li><li class=\\"page-item\\"><a class=\\"page-link\\" href=\\"#\\">5</a></li><li class=\\"page-item\\"><a class=\\"page-link\\" href=\\"#\\">6</a></li><li class=\\"page-item\\"><a class=\\"page-link\\" href=\\"#\\">7</a></li><li class=\\"page-item\\"><a class=\\"page-link\\" href=\\"#\\">8</a></li><li class=\\"page-item\\"><a class=\\"page-link\\" href=\\"#\\">9</a></li><li class=\\"page-item\\"><a class=\\"page-link\\" href=\\"#\\">10</a></li><li class=\\"page-item\\"><a class=\\"page-link\\" href=\\"#\\">11</a></li><li class=\\"page-item\\"><a class=\\"page-link\\" href=\\"#\\">12</a></li><li class=\\"page-item disabled\\" aria-hidden=\\"true\\"><span class=\\"page-link\\">…</span></li><li class=\\"page-item\\"><a class=\\"page-link\\" href=\\"#\\">100</a></li><li class=\\"page-item\\"><a class=\\"page-link\\" href=\\"#\\" aria-label=\\"Next\\"><span aria-hidden=\\"true\\">»</span><span class=\\"sr-only\\">Next</span></a></li>"`;

exports[`Pagination maxWidth renders correctly with maxWidth of null 2`] = `"<li class=\\"page-item disabled\\"><span class=\\"page-link\\"><span aria-hidden=\\"true\\">«</span><span class=\\"sr-only\\">Previous</span></span></li><li class=\\"page-item active\\"><a class=\\"page-link\\" href=\\"#\\" aria-label=\\"(current)\\"><span aria-hidden=\\"true\\">1</span><span class=\\"sr-only\\">(current)</span></a></li><li class=\\"page-item\\"><a class=\\"page-link\\" href=\\"#\\">2</a></li><li class=\\"page-item\\"><a class=\\"page-link\\" href=\\"#\\">3</a></li><li class=\\"page-item\\"><a class=\\"page-link\\" href=\\"#\\">4</a></li><li class=\\"page-item\\"><a class=\\"page-link\\" href=\\"#\\">5</a></li><li class=\\"page-item\\"><a class=\\"page-link\\" href=\\"#\\">6</a></li><li class=\\"page-item\\"><a class=\\"page-link\\" href=\\"#\\">7</a></li><li class=\\"page-item\\"><a class=\\"page-link\\" href=\\"#\\">8</a></li><li class=\\"page-item\\"><a class=\\"page-link\\" href=\\"#\\">9</a></li><li class=\\"page-item\\"><a class=\\"page-link\\" href=\\"#\\">10</a></li><li class=\\"page-item\\"><a class=\\"page-link\\" href=\\"#\\">11</a></li><li class=\\"page-item\\"><a class=\\"page-link\\" href=\\"#\\">12</a></li><li class=\\"page-item disabled\\" aria-hidden=\\"true\\"><span class=\\"page-link\\">…</span></li><li class=\\"page-item\\"><a class=\\"page-link\\" href=\\"#\\">100</a></li><li class=\\"page-item\\"><a class=\\"page-link\\" href=\\"#\\" aria-label=\\"Next\\"><span aria-hidden=\\"true\\">»</span><span class=\\"sr-only\\">Next</span></a></li>"`;
