// Jest Snapshot v1, https://goo.gl/fbAQLP

exports[`Auto sizing with narrowStrategy "dropEllipsis" renders correctly with viewport width 150px 1`] = `"<ul class="pagination justify-content-center"><li class="page-item disabled"><span class="page-link"><span aria-hidden="true">«</span><span class="sr-only">Previous</span></span></li><li class="page-item active"><a class="page-link" href="#" aria-label="(current)"><span aria-hidden="true">1</span><span class="sr-only">(current)</span></a></li><li class="page-item"><a class="page-link" href="#">2</a></li><li class="page-item"><a class="page-link" href="#">100</a></li><li class="page-item"><a class="page-link" href="#" aria-label="Next"><span aria-hidden="true">»</span><span class="sr-only">Next</span></a></li></ul>"`;

exports[`Auto sizing with narrowStrategy "dropEllipsis" renders correctly with viewport width 200px 1`] = `"<ul class="pagination justify-content-center"><li class="page-item disabled"><span class="page-link"><span aria-hidden="true">«</span><span class="sr-only">Previous</span></span></li><li class="page-item active"><a class="page-link" href="#" aria-label="(current)"><span aria-hidden="true">1</span><span class="sr-only">(current)</span></a></li><li class="page-item"><a class="page-link" href="#">2</a></li><li class="page-item"><a class="page-link" href="#">100</a></li><li class="page-item"><a class="page-link" href="#" aria-label="Next"><span aria-hidden="true">»</span><span class="sr-only">Next</span></a></li></ul>"`;

exports[`Auto sizing with narrowStrategy "dropEllipsis" renders correctly with viewport width 250px 1`] = `"<ul class="pagination justify-content-center"><li class="page-item disabled"><span class="page-link"><span aria-hidden="true">«</span><span class="sr-only">Previous</span></span></li><li class="page-item active"><a class="page-link" href="#" aria-label="(current)"><span aria-hidden="true">1</span><span class="sr-only">(current)</span></a></li><li class="page-item"><a class="page-link" href="#">2</a></li><li class="page-item disabled" aria-hidden="true"><span class="page-link">…</span></li><li class="page-item"><a class="page-link" href="#">100</a></li><li class="page-item"><a class="page-link" href="#" aria-label="Next"><span aria-hidden="true">»</span><span class="sr-only">Next</span></a></li></ul>"`;

exports[`Auto sizing with narrowStrategy "dropNav" renders correctly with viewport width 150px 1`] = `"<ul class="pagination justify-content-center"><li class="page-item active"><a class="page-link" href="#" aria-label="(current)"><span aria-hidden="true">1</span><span class="sr-only">(current)</span></a></li><li class="page-item"><a class="page-link" href="#">2</a></li><li class="page-item disabled" aria-hidden="true"><span class="page-link">…</span></li><li class="page-item"><a class="page-link" href="#">100</a></li></ul>"`;

exports[`Auto sizing with narrowStrategy "dropNav" renders correctly with viewport width 200px 1`] = `"<ul class="pagination justify-content-center"><li class="page-item active"><a class="page-link" href="#" aria-label="(current)"><span aria-hidden="true">1</span><span class="sr-only">(current)</span></a></li><li class="page-item"><a class="page-link" href="#">2</a></li><li class="page-item disabled" aria-hidden="true"><span class="page-link">…</span></li><li class="page-item"><a class="page-link" href="#">100</a></li></ul>"`;

exports[`Auto sizing with narrowStrategy "dropNav" renders correctly with viewport width 250px 1`] = `"<ul class="pagination justify-content-center"><li class="page-item disabled"><span class="page-link"><span aria-hidden="true">«</span><span class="sr-only">Previous</span></span></li><li class="page-item active"><a class="page-link" href="#" aria-label="(current)"><span aria-hidden="true">1</span><span class="sr-only">(current)</span></a></li><li class="page-item"><a class="page-link" href="#">2</a></li><li class="page-item disabled" aria-hidden="true"><span class="page-link">…</span></li><li class="page-item"><a class="page-link" href="#">100</a></li><li class="page-item"><a class="page-link" href="#" aria-label="Next"><span aria-hidden="true">»</span><span class="sr-only">Next</span></a></li></ul>"`;

exports[`Auto sizing with narrowStrategy ["dropEllipsis", "dropNav"] renders correctly with viewport width 150px 1`] = `"<ul class="pagination justify-content-center"><li class="page-item active"><a class="page-link" href="#" aria-label="(current)"><span aria-hidden="true">1</span><span class="sr-only">(current)</span></a></li><li class="page-item"><a class="page-link" href="#">2</a></li><li class="page-item"><a class="page-link" href="#">100</a></li></ul>"`;

exports[`Auto sizing with narrowStrategy ["dropEllipsis", "dropNav"] renders correctly with viewport width 200px 1`] = `"<ul class="pagination justify-content-center"><li class="page-item disabled"><span class="page-link"><span aria-hidden="true">«</span><span class="sr-only">Previous</span></span></li><li class="page-item active"><a class="page-link" href="#" aria-label="(current)"><span aria-hidden="true">1</span><span class="sr-only">(current)</span></a></li><li class="page-item"><a class="page-link" href="#">2</a></li><li class="page-item"><a class="page-link" href="#">100</a></li><li class="page-item"><a class="page-link" href="#" aria-label="Next"><span aria-hidden="true">»</span><span class="sr-only">Next</span></a></li></ul>"`;

exports[`Auto sizing with narrowStrategy ["dropEllipsis", "dropNav"] renders correctly with viewport width 250px 1`] = `"<ul class="pagination justify-content-center"><li class="page-item disabled"><span class="page-link"><span aria-hidden="true">«</span><span class="sr-only">Previous</span></span></li><li class="page-item active"><a class="page-link" href="#" aria-label="(current)"><span aria-hidden="true">1</span><span class="sr-only">(current)</span></a></li><li class="page-item"><a class="page-link" href="#">2</a></li><li class="page-item disabled" aria-hidden="true"><span class="page-link">…</span></li><li class="page-item"><a class="page-link" href="#">100</a></li><li class="page-item"><a class="page-link" href="#" aria-label="Next"><span aria-hidden="true">»</span><span class="sr-only">Next</span></a></li></ul>"`;

exports[`Auto sizing with narrowStrategy ["dropNav", "dropEllipsis"] renders correctly with viewport width 150px 1`] = `"<ul class="pagination justify-content-center"><li class="page-item active"><a class="page-link" href="#" aria-label="(current)"><span aria-hidden="true">1</span><span class="sr-only">(current)</span></a></li><li class="page-item"><a class="page-link" href="#">2</a></li><li class="page-item"><a class="page-link" href="#">100</a></li></ul>"`;

exports[`Auto sizing with narrowStrategy ["dropNav", "dropEllipsis"] renders correctly with viewport width 200px 1`] = `"<ul class="pagination justify-content-center"><li class="page-item active"><a class="page-link" href="#" aria-label="(current)"><span aria-hidden="true">1</span><span class="sr-only">(current)</span></a></li><li class="page-item"><a class="page-link" href="#">2</a></li><li class="page-item disabled" aria-hidden="true"><span class="page-link">…</span></li><li class="page-item"><a class="page-link" href="#">100</a></li></ul>"`;

exports[`Auto sizing with narrowStrategy ["dropNav", "dropEllipsis"] renders correctly with viewport width 250px 1`] = `"<ul class="pagination justify-content-center"><li class="page-item disabled"><span class="page-link"><span aria-hidden="true">«</span><span class="sr-only">Previous</span></span></li><li class="page-item active"><a class="page-link" href="#" aria-label="(current)"><span aria-hidden="true">1</span><span class="sr-only">(current)</span></a></li><li class="page-item"><a class="page-link" href="#">2</a></li><li class="page-item disabled" aria-hidden="true"><span class="page-link">…</span></li><li class="page-item"><a class="page-link" href="#">100</a></li><li class="page-item"><a class="page-link" href="#" aria-label="Next"><span aria-hidden="true">»</span><span class="sr-only">Next</span></a></li></ul>"`;

exports[`Auto sizing with narrowStrategy undefined renders correctly with viewport width 150px 1`] = `"<ul class="pagination justify-content-center"><li class="page-item disabled"><span class="page-link"><span aria-hidden="true">«</span><span class="sr-only">Previous</span></span></li><li class="page-item active"><a class="page-link" href="#" aria-label="(current)"><span aria-hidden="true">1</span><span class="sr-only">(current)</span></a></li><li class="page-item"><a class="page-link" href="#">2</a></li><li class="page-item disabled" aria-hidden="true"><span class="page-link">…</span></li><li class="page-item"><a class="page-link" href="#">100</a></li><li class="page-item"><a class="page-link" href="#" aria-label="Next"><span aria-hidden="true">»</span><span class="sr-only">Next</span></a></li></ul>"`;

exports[`Auto sizing with narrowStrategy undefined renders correctly with viewport width 200px 1`] = `"<ul class="pagination justify-content-center"><li class="page-item disabled"><span class="page-link"><span aria-hidden="true">«</span><span class="sr-only">Previous</span></span></li><li class="page-item active"><a class="page-link" href="#" aria-label="(current)"><span aria-hidden="true">1</span><span class="sr-only">(current)</span></a></li><li class="page-item"><a class="page-link" href="#">2</a></li><li class="page-item disabled" aria-hidden="true"><span class="page-link">…</span></li><li class="page-item"><a class="page-link" href="#">100</a></li><li class="page-item"><a class="page-link" href="#" aria-label="Next"><span aria-hidden="true">»</span><span class="sr-only">Next</span></a></li></ul>"`;

exports[`Auto sizing with narrowStrategy undefined renders correctly with viewport width 250px 1`] = `"<ul class="pagination justify-content-center"><li class="page-item disabled"><span class="page-link"><span aria-hidden="true">«</span><span class="sr-only">Previous</span></span></li><li class="page-item active"><a class="page-link" href="#" aria-label="(current)"><span aria-hidden="true">1</span><span class="sr-only">(current)</span></a></li><li class="page-item"><a class="page-link" href="#">2</a></li><li class="page-item disabled" aria-hidden="true"><span class="page-link">…</span></li><li class="page-item"><a class="page-link" href="#">100</a></li><li class="page-item"><a class="page-link" href="#" aria-label="Next"><span aria-hidden="true">»</span><span class="sr-only">Next</span></a></li></ul>"`;
