// Jest Snapshot v1, https://goo.gl/fbAQLP

exports[`Auto sizing with narrowBehaviour "dropEllipsis" renders correctly with viewport width 150px 1`] = `"<ul class="pagination justify-content-center"><li class="page-item disabled"><span class="page-link" aria-label="Previous"><span aria-hidden="true">«</span></span></li><li class="page-item active" aria-current="page"><a class="page-link" href="#">1</a></li><li class="page-item"><a class="page-link" href="#">2</a></li><li class="page-item"><a class="page-link" href="#">100</a></li><li class="page-item"><a class="page-link" href="#" aria-label="Next"><span aria-hidden="true">»</span></a></li></ul>"`;

exports[`Auto sizing with narrowBehaviour "dropEllipsis" renders correctly with viewport width 200px 1`] = `"<ul class="pagination justify-content-center"><li class="page-item disabled"><span class="page-link" aria-label="Previous"><span aria-hidden="true">«</span></span></li><li class="page-item active" aria-current="page"><a class="page-link" href="#">1</a></li><li class="page-item"><a class="page-link" href="#">2</a></li><li class="page-item"><a class="page-link" href="#">100</a></li><li class="page-item"><a class="page-link" href="#" aria-label="Next"><span aria-hidden="true">»</span></a></li></ul>"`;

exports[`Auto sizing with narrowBehaviour "dropEllipsis" renders correctly with viewport width 250px 1`] = `"<ul class="pagination justify-content-center"><li class="page-item disabled"><span class="page-link" aria-label="Previous"><span aria-hidden="true">«</span></span></li><li class="page-item active" aria-current="page"><a class="page-link" href="#">1</a></li><li class="page-item"><a class="page-link" href="#">2</a></li><li class="page-item disabled" aria-hidden="true"><span class="page-link">…</span></li><li class="page-item"><a class="page-link" href="#">100</a></li><li class="page-item"><a class="page-link" href="#" aria-label="Next"><span aria-hidden="true">»</span></a></li></ul>"`;

exports[`Auto sizing with narrowBehaviour "dropNav" renders correctly with viewport width 150px 1`] = `"<ul class="pagination justify-content-center"><li class="page-item active" aria-current="page"><a class="page-link" href="#">1</a></li><li class="page-item"><a class="page-link" href="#">2</a></li><li class="page-item disabled" aria-hidden="true"><span class="page-link">…</span></li><li class="page-item"><a class="page-link" href="#">100</a></li></ul>"`;

exports[`Auto sizing with narrowBehaviour "dropNav" renders correctly with viewport width 200px 1`] = `"<ul class="pagination justify-content-center"><li class="page-item active" aria-current="page"><a class="page-link" href="#">1</a></li><li class="page-item"><a class="page-link" href="#">2</a></li><li class="page-item disabled" aria-hidden="true"><span class="page-link">…</span></li><li class="page-item"><a class="page-link" href="#">100</a></li></ul>"`;

exports[`Auto sizing with narrowBehaviour "dropNav" renders correctly with viewport width 250px 1`] = `"<ul class="pagination justify-content-center"><li class="page-item disabled"><span class="page-link" aria-label="Previous"><span aria-hidden="true">«</span></span></li><li class="page-item active" aria-current="page"><a class="page-link" href="#">1</a></li><li class="page-item"><a class="page-link" href="#">2</a></li><li class="page-item disabled" aria-hidden="true"><span class="page-link">…</span></li><li class="page-item"><a class="page-link" href="#">100</a></li><li class="page-item"><a class="page-link" href="#" aria-label="Next"><span aria-hidden="true">»</span></a></li></ul>"`;

exports[`Auto sizing with narrowBehaviour "dropEllipsisThenNav" renders correctly with viewport width 150px 1`] = `"<ul class="pagination justify-content-center"><li class="page-item active" aria-current="page"><a class="page-link" href="#">1</a></li><li class="page-item"><a class="page-link" href="#">2</a></li><li class="page-item"><a class="page-link" href="#">100</a></li></ul>"`;

exports[`Auto sizing with narrowBehaviour "dropEllipsisThenNav" renders correctly with viewport width 200px 1`] = `"<ul class="pagination justify-content-center"><li class="page-item disabled"><span class="page-link" aria-label="Previous"><span aria-hidden="true">«</span></span></li><li class="page-item active" aria-current="page"><a class="page-link" href="#">1</a></li><li class="page-item"><a class="page-link" href="#">2</a></li><li class="page-item"><a class="page-link" href="#">100</a></li><li class="page-item"><a class="page-link" href="#" aria-label="Next"><span aria-hidden="true">»</span></a></li></ul>"`;

exports[`Auto sizing with narrowBehaviour "dropEllipsisThenNav" renders correctly with viewport width 250px 1`] = `"<ul class="pagination justify-content-center"><li class="page-item disabled"><span class="page-link" aria-label="Previous"><span aria-hidden="true">«</span></span></li><li class="page-item active" aria-current="page"><a class="page-link" href="#">1</a></li><li class="page-item"><a class="page-link" href="#">2</a></li><li class="page-item disabled" aria-hidden="true"><span class="page-link">…</span></li><li class="page-item"><a class="page-link" href="#">100</a></li><li class="page-item"><a class="page-link" href="#" aria-label="Next"><span aria-hidden="true">»</span></a></li></ul>"`;

exports[`Auto sizing with narrowBehaviour "dropNavThenEllipsis" renders correctly with viewport width 150px 1`] = `"<ul class="pagination justify-content-center"><li class="page-item active" aria-current="page"><a class="page-link" href="#">1</a></li><li class="page-item"><a class="page-link" href="#">2</a></li><li class="page-item"><a class="page-link" href="#">100</a></li></ul>"`;

exports[`Auto sizing with narrowBehaviour "dropNavThenEllipsis" renders correctly with viewport width 200px 1`] = `"<ul class="pagination justify-content-center"><li class="page-item active" aria-current="page"><a class="page-link" href="#">1</a></li><li class="page-item"><a class="page-link" href="#">2</a></li><li class="page-item disabled" aria-hidden="true"><span class="page-link">…</span></li><li class="page-item"><a class="page-link" href="#">100</a></li></ul>"`;

exports[`Auto sizing with narrowBehaviour "dropNavThenEllipsis" renders correctly with viewport width 250px 1`] = `"<ul class="pagination justify-content-center"><li class="page-item disabled"><span class="page-link" aria-label="Previous"><span aria-hidden="true">«</span></span></li><li class="page-item active" aria-current="page"><a class="page-link" href="#">1</a></li><li class="page-item"><a class="page-link" href="#">2</a></li><li class="page-item disabled" aria-hidden="true"><span class="page-link">…</span></li><li class="page-item"><a class="page-link" href="#">100</a></li><li class="page-item"><a class="page-link" href="#" aria-label="Next"><span aria-hidden="true">»</span></a></li></ul>"`;

exports[`Auto sizing with narrowBehaviour ["dropEllipsis", "dropNav"] renders correctly with viewport width 150px 1`] = `"<ul class="pagination justify-content-center"><li class="page-item active" aria-current="page"><a class="page-link" href="#">1</a></li><li class="page-item"><a class="page-link" href="#">2</a></li><li class="page-item"><a class="page-link" href="#">100</a></li></ul>"`;

exports[`Auto sizing with narrowBehaviour ["dropEllipsis", "dropNav"] renders correctly with viewport width 200px 1`] = `"<ul class="pagination justify-content-center"><li class="page-item disabled"><span class="page-link" aria-label="Previous"><span aria-hidden="true">«</span></span></li><li class="page-item active" aria-current="page"><a class="page-link" href="#">1</a></li><li class="page-item"><a class="page-link" href="#">2</a></li><li class="page-item"><a class="page-link" href="#">100</a></li><li class="page-item"><a class="page-link" href="#" aria-label="Next"><span aria-hidden="true">»</span></a></li></ul>"`;

exports[`Auto sizing with narrowBehaviour ["dropEllipsis", "dropNav"] renders correctly with viewport width 250px 1`] = `"<ul class="pagination justify-content-center"><li class="page-item disabled"><span class="page-link" aria-label="Previous"><span aria-hidden="true">«</span></span></li><li class="page-item active" aria-current="page"><a class="page-link" href="#">1</a></li><li class="page-item"><a class="page-link" href="#">2</a></li><li class="page-item disabled" aria-hidden="true"><span class="page-link">…</span></li><li class="page-item"><a class="page-link" href="#">100</a></li><li class="page-item"><a class="page-link" href="#" aria-label="Next"><span aria-hidden="true">»</span></a></li></ul>"`;

exports[`Auto sizing with narrowBehaviour ["dropNav", "dropEllipsis"] renders correctly with viewport width 150px 1`] = `"<ul class="pagination justify-content-center"><li class="page-item active" aria-current="page"><a class="page-link" href="#">1</a></li><li class="page-item"><a class="page-link" href="#">2</a></li><li class="page-item"><a class="page-link" href="#">100</a></li></ul>"`;

exports[`Auto sizing with narrowBehaviour ["dropNav", "dropEllipsis"] renders correctly with viewport width 200px 1`] = `"<ul class="pagination justify-content-center"><li class="page-item active" aria-current="page"><a class="page-link" href="#">1</a></li><li class="page-item"><a class="page-link" href="#">2</a></li><li class="page-item disabled" aria-hidden="true"><span class="page-link">…</span></li><li class="page-item"><a class="page-link" href="#">100</a></li></ul>"`;

exports[`Auto sizing with narrowBehaviour ["dropNav", "dropEllipsis"] renders correctly with viewport width 250px 1`] = `"<ul class="pagination justify-content-center"><li class="page-item disabled"><span class="page-link" aria-label="Previous"><span aria-hidden="true">«</span></span></li><li class="page-item active" aria-current="page"><a class="page-link" href="#">1</a></li><li class="page-item"><a class="page-link" href="#">2</a></li><li class="page-item disabled" aria-hidden="true"><span class="page-link">…</span></li><li class="page-item"><a class="page-link" href="#">100</a></li><li class="page-item"><a class="page-link" href="#" aria-label="Next"><span aria-hidden="true">»</span></a></li></ul>"`;

exports[`Auto sizing with narrowBehaviour undefined renders correctly with viewport width 150px 1`] = `"<ul class="pagination justify-content-center"><li class="page-item disabled"><span class="page-link" aria-label="Previous"><span aria-hidden="true">«</span></span></li><li class="page-item active" aria-current="page"><a class="page-link" href="#">1</a></li><li class="page-item"><a class="page-link" href="#">2</a></li><li class="page-item disabled" aria-hidden="true"><span class="page-link">…</span></li><li class="page-item"><a class="page-link" href="#">100</a></li><li class="page-item"><a class="page-link" href="#" aria-label="Next"><span aria-hidden="true">»</span></a></li></ul>"`;

exports[`Auto sizing with narrowBehaviour undefined renders correctly with viewport width 200px 1`] = `"<ul class="pagination justify-content-center"><li class="page-item disabled"><span class="page-link" aria-label="Previous"><span aria-hidden="true">«</span></span></li><li class="page-item active" aria-current="page"><a class="page-link" href="#">1</a></li><li class="page-item"><a class="page-link" href="#">2</a></li><li class="page-item disabled" aria-hidden="true"><span class="page-link">…</span></li><li class="page-item"><a class="page-link" href="#">100</a></li><li class="page-item"><a class="page-link" href="#" aria-label="Next"><span aria-hidden="true">»</span></a></li></ul>"`;

exports[`Auto sizing with narrowBehaviour undefined renders correctly with viewport width 250px 1`] = `"<ul class="pagination justify-content-center"><li class="page-item disabled"><span class="page-link" aria-label="Previous"><span aria-hidden="true">«</span></span></li><li class="page-item active" aria-current="page"><a class="page-link" href="#">1</a></li><li class="page-item"><a class="page-link" href="#">2</a></li><li class="page-item disabled" aria-hidden="true"><span class="page-link">…</span></li><li class="page-item"><a class="page-link" href="#">100</a></li><li class="page-item"><a class="page-link" href="#" aria-label="Next"><span aria-hidden="true">»</span></a></li></ul>"`;
