// Jest Snapshot v1, https://goo.gl/fbAQLP

exports[`Pagination navigation clicking 93 renders correctly and sets current page to 93 1`] = `"<ul class="pagination justify-content-center"><li class="page-item"><a class="page-link" href="#" aria-label="Previous"><span aria-hidden="true">«</span><span class="sr-only">Previous</span></a></li><li class="page-item"><a class="page-link" href="#">1</a></li><li class="page-item disabled" aria-hidden="true"><span class="page-link">…</span></li><li class="page-item"><a class="page-link" href="#">91</a></li><li class="page-item"><a class="page-link" href="#">92</a></li><li class="page-item active"><a class="page-link" href="#" aria-label="(current)"><span aria-hidden="true">93</span><span class="sr-only">(current)</span></a></li><li class="page-item"><a class="page-link" href="#">94</a></li><li class="page-item"><a class="page-link" href="#">95</a></li><li class="page-item"><a class="page-link" href="#">96</a></li><li class="page-item disabled" aria-hidden="true"><span class="page-link">…</span></li><li class="page-item"><a class="page-link" href="#">100</a></li><li class="page-item"><a class="page-link" href="#" aria-label="Next"><span aria-hidden="true">»</span><span class="sr-only">Next</span></a></li></ul>"`;

exports[`Pagination navigation clicking 100 renders correctly and sets current page to 100 1`] = `"<ul class="pagination justify-content-center"><li class="page-item"><a class="page-link" href="#" aria-label="Previous"><span aria-hidden="true">«</span><span class="sr-only">Previous</span></a></li><li class="page-item"><a class="page-link" href="#">1</a></li><li class="page-item disabled" aria-hidden="true"><span class="page-link">…</span></li><li class="page-item"><a class="page-link" href="#">93</a></li><li class="page-item"><a class="page-link" href="#">94</a></li><li class="page-item"><a class="page-link" href="#">95</a></li><li class="page-item"><a class="page-link" href="#">96</a></li><li class="page-item"><a class="page-link" href="#">97</a></li><li class="page-item"><a class="page-link" href="#">98</a></li><li class="page-item"><a class="page-link" href="#">99</a></li><li class="page-item active"><a class="page-link" href="#" aria-label="(current)"><span aria-hidden="true">100</span><span class="sr-only">(current)</span></a></li><li class="page-item disabled"><span class="page-link"><span aria-hidden="true">»</span><span class="sr-only">Next</span></span></li></ul>"`;

exports[`Pagination navigation clicking « renders correctly and sets current page to 99 1`] = `"<ul class="pagination justify-content-center"><li class="page-item"><a class="page-link" href="#" aria-label="Previous"><span aria-hidden="true">«</span><span class="sr-only">Previous</span></a></li><li class="page-item"><a class="page-link" href="#">1</a></li><li class="page-item disabled" aria-hidden="true"><span class="page-link">…</span></li><li class="page-item"><a class="page-link" href="#">93</a></li><li class="page-item"><a class="page-link" href="#">94</a></li><li class="page-item"><a class="page-link" href="#">95</a></li><li class="page-item"><a class="page-link" href="#">96</a></li><li class="page-item"><a class="page-link" href="#">97</a></li><li class="page-item"><a class="page-link" href="#">98</a></li><li class="page-item active"><a class="page-link" href="#" aria-label="(current)"><span aria-hidden="true">99</span><span class="sr-only">(current)</span></a></li><li class="page-item"><a class="page-link" href="#">100</a></li><li class="page-item"><a class="page-link" href="#" aria-label="Next"><span aria-hidden="true">»</span><span class="sr-only">Next</span></a></li></ul>"`;

exports[`Pagination navigation clicking » renders correctly and sets current page to 2 1`] = `"<ul class="pagination justify-content-center"><li class="page-item"><a class="page-link" href="#" aria-label="Previous"><span aria-hidden="true">«</span><span class="sr-only">Previous</span></a></li><li class="page-item"><a class="page-link" href="#">1</a></li><li class="page-item active"><a class="page-link" href="#" aria-label="(current)"><span aria-hidden="true">2</span><span class="sr-only">(current)</span></a></li><li class="page-item"><a class="page-link" href="#">3</a></li><li class="page-item"><a class="page-link" href="#">4</a></li><li class="page-item"><a class="page-link" href="#">5</a></li><li class="page-item"><a class="page-link" href="#">6</a></li><li class="page-item"><a class="page-link" href="#">7</a></li><li class="page-item"><a class="page-link" href="#">8</a></li><li class="page-item"><a class="page-link" href="#">9</a></li><li class="page-item disabled" aria-hidden="true"><span class="page-link">…</span></li><li class="page-item"><a class="page-link" href="#">100</a></li><li class="page-item"><a class="page-link" href="#" aria-label="Next"><span aria-hidden="true">»</span><span class="sr-only">Next</span></a></li></ul>"`;

exports[`Pagination navigation clicking » renders correctly and sets current page to 3 1`] = `"<ul class="pagination justify-content-center"><li class="page-item"><a class="page-link" href="#" aria-label="Previous"><span aria-hidden="true">«</span><span class="sr-only">Previous</span></a></li><li class="page-item"><a class="page-link" href="#">1</a></li><li class="page-item"><a class="page-link" href="#">2</a></li><li class="page-item active"><a class="page-link" href="#" aria-label="(current)"><span aria-hidden="true">3</span><span class="sr-only">(current)</span></a></li><li class="page-item"><a class="page-link" href="#">4</a></li><li class="page-item"><a class="page-link" href="#">5</a></li><li class="page-item"><a class="page-link" href="#">6</a></li><li class="page-item"><a class="page-link" href="#">7</a></li><li class="page-item"><a class="page-link" href="#">8</a></li><li class="page-item"><a class="page-link" href="#">9</a></li><li class="page-item disabled" aria-hidden="true"><span class="page-link">…</span></li><li class="page-item"><a class="page-link" href="#">100</a></li><li class="page-item"><a class="page-link" href="#" aria-label="Next"><span aria-hidden="true">»</span><span class="sr-only">Next</span></a></li></ul>"`;

exports[`Pagination navigation setting current page programatically to "" renders correctly 1`] = `"<ul class="pagination justify-content-center"><li class="page-item disabled"><span class="page-link"><span aria-hidden="true">«</span><span class="sr-only">Previous</span></span></li><li class="page-item active"><a class="page-link" href="#" aria-label="(current)"><span aria-hidden="true">1</span><span class="sr-only">(current)</span></a></li><li class="page-item"><a class="page-link" href="#">2</a></li><li class="page-item"><a class="page-link" href="#">3</a></li><li class="page-item"><a class="page-link" href="#">4</a></li><li class="page-item"><a class="page-link" href="#">5</a></li><li class="page-item"><a class="page-link" href="#">6</a></li><li class="page-item"><a class="page-link" href="#">7</a></li><li class="page-item"><a class="page-link" href="#">8</a></li><li class="page-item"><a class="page-link" href="#">9</a></li><li class="page-item disabled" aria-hidden="true"><span class="page-link">…</span></li><li class="page-item"><a class="page-link" href="#">100</a></li><li class="page-item"><a class="page-link" href="#" aria-label="Next"><span aria-hidden="true">»</span><span class="sr-only">Next</span></a></li></ul>"`;

exports[`Pagination navigation setting current page programatically to "3" renders correctly 1`] = `"<ul class="pagination justify-content-center"><li class="page-item disabled"><span class="page-link"><span aria-hidden="true">«</span><span class="sr-only">Previous</span></span></li><li class="page-item active"><a class="page-link" href="#" aria-label="(current)"><span aria-hidden="true">1</span><span class="sr-only">(current)</span></a></li><li class="page-item"><a class="page-link" href="#">2</a></li><li class="page-item"><a class="page-link" href="#">3</a></li><li class="page-item"><a class="page-link" href="#">4</a></li><li class="page-item"><a class="page-link" href="#">5</a></li><li class="page-item"><a class="page-link" href="#">6</a></li><li class="page-item"><a class="page-link" href="#">7</a></li><li class="page-item"><a class="page-link" href="#">8</a></li><li class="page-item"><a class="page-link" href="#">9</a></li><li class="page-item disabled" aria-hidden="true"><span class="page-link">…</span></li><li class="page-item"><a class="page-link" href="#">100</a></li><li class="page-item"><a class="page-link" href="#" aria-label="Next"><span aria-hidden="true">»</span><span class="sr-only">Next</span></a></li></ul>"`;

exports[`Pagination navigation setting current page programatically to -1 renders correctly 1`] = `"<ul class="pagination justify-content-center"><li class="page-item disabled"><span class="page-link"><span aria-hidden="true">«</span><span class="sr-only">Previous</span></span></li><li class="page-item active"><a class="page-link" href="#" aria-label="(current)"><span aria-hidden="true">1</span><span class="sr-only">(current)</span></a></li><li class="page-item"><a class="page-link" href="#">2</a></li><li class="page-item"><a class="page-link" href="#">3</a></li><li class="page-item"><a class="page-link" href="#">4</a></li><li class="page-item"><a class="page-link" href="#">5</a></li><li class="page-item"><a class="page-link" href="#">6</a></li><li class="page-item"><a class="page-link" href="#">7</a></li><li class="page-item"><a class="page-link" href="#">8</a></li><li class="page-item"><a class="page-link" href="#">9</a></li><li class="page-item disabled" aria-hidden="true"><span class="page-link">…</span></li><li class="page-item"><a class="page-link" href="#">100</a></li><li class="page-item"><a class="page-link" href="#" aria-label="Next"><span aria-hidden="true">»</span><span class="sr-only">Next</span></a></li></ul>"`;

exports[`Pagination navigation setting current page programatically to 2 renders correctly 1`] = `"<ul class="pagination justify-content-center"><li class="page-item"><a class="page-link" href="#" aria-label="Previous"><span aria-hidden="true">«</span><span class="sr-only">Previous</span></a></li><li class="page-item"><a class="page-link" href="#">1</a></li><li class="page-item active"><a class="page-link" href="#" aria-label="(current)"><span aria-hidden="true">2</span><span class="sr-only">(current)</span></a></li><li class="page-item"><a class="page-link" href="#">3</a></li><li class="page-item"><a class="page-link" href="#">4</a></li><li class="page-item"><a class="page-link" href="#">5</a></li><li class="page-item"><a class="page-link" href="#">6</a></li><li class="page-item"><a class="page-link" href="#">7</a></li><li class="page-item"><a class="page-link" href="#">8</a></li><li class="page-item"><a class="page-link" href="#">9</a></li><li class="page-item disabled" aria-hidden="true"><span class="page-link">…</span></li><li class="page-item"><a class="page-link" href="#">100</a></li><li class="page-item"><a class="page-link" href="#" aria-label="Next"><span aria-hidden="true">»</span><span class="sr-only">Next</span></a></li></ul>"`;

exports[`Pagination navigation setting current page programatically to 5 renders correctly 1`] = `"<ul class="pagination justify-content-center"><li class="page-item"><a class="page-link" href="#" aria-label="Previous"><span aria-hidden="true">«</span><span class="sr-only">Previous</span></a></li><li class="page-item"><a class="page-link" href="#">1</a></li><li class="page-item"><a class="page-link" href="#">2</a></li><li class="page-item"><a class="page-link" href="#">3</a></li><li class="page-item"><a class="page-link" href="#">4</a></li><li class="page-item active"><a class="page-link" href="#" aria-label="(current)"><span aria-hidden="true">5</span><span class="sr-only">(current)</span></a></li><li class="page-item"><a class="page-link" href="#">6</a></li><li class="page-item"><a class="page-link" href="#">7</a></li><li class="page-item"><a class="page-link" href="#">8</a></li><li class="page-item"><a class="page-link" href="#">9</a></li><li class="page-item disabled" aria-hidden="true"><span class="page-link">…</span></li><li class="page-item"><a class="page-link" href="#">100</a></li><li class="page-item"><a class="page-link" href="#" aria-label="Next"><span aria-hidden="true">»</span><span class="sr-only">Next</span></a></li></ul>"`;

exports[`Pagination navigation setting current page programatically to 101 renders correctly 1`] = `"<ul class="pagination justify-content-center"><li class="page-item"><a class="page-link" href="#" aria-label="Previous"><span aria-hidden="true">«</span><span class="sr-only">Previous</span></a></li><li class="page-item"><a class="page-link" href="#">1</a></li><li class="page-item disabled" aria-hidden="true"><span class="page-link">…</span></li><li class="page-item"><a class="page-link" href="#">93</a></li><li class="page-item"><a class="page-link" href="#">94</a></li><li class="page-item"><a class="page-link" href="#">95</a></li><li class="page-item"><a class="page-link" href="#">96</a></li><li class="page-item"><a class="page-link" href="#">97</a></li><li class="page-item"><a class="page-link" href="#">98</a></li><li class="page-item"><a class="page-link" href="#">99</a></li><li class="page-item active"><a class="page-link" href="#" aria-label="(current)"><span aria-hidden="true">100</span><span class="sr-only">(current)</span></a></li><li class="page-item disabled"><span class="page-link"><span aria-hidden="true">»</span><span class="sr-only">Next</span></span></li></ul>"`;

exports[`Pagination navigation setting current page programatically to null renders correctly 1`] = `"<ul class="pagination justify-content-center"><li class="page-item disabled"><span class="page-link"><span aria-hidden="true">«</span><span class="sr-only">Previous</span></span></li><li class="page-item active"><a class="page-link" href="#" aria-label="(current)"><span aria-hidden="true">1</span><span class="sr-only">(current)</span></a></li><li class="page-item"><a class="page-link" href="#">2</a></li><li class="page-item"><a class="page-link" href="#">3</a></li><li class="page-item"><a class="page-link" href="#">4</a></li><li class="page-item"><a class="page-link" href="#">5</a></li><li class="page-item"><a class="page-link" href="#">6</a></li><li class="page-item"><a class="page-link" href="#">7</a></li><li class="page-item"><a class="page-link" href="#">8</a></li><li class="page-item"><a class="page-link" href="#">9</a></li><li class="page-item disabled" aria-hidden="true"><span class="page-link">…</span></li><li class="page-item"><a class="page-link" href="#">100</a></li><li class="page-item"><a class="page-link" href="#" aria-label="Next"><span aria-hidden="true">»</span><span class="sr-only">Next</span></a></li></ul>"`;
