// Jest Snapshot v1, https://goo.gl/fbAQLP

exports[`Pagination style change detection adapts correctly when font-size changed to "24px" 1`] = `"<ul class="pagination justify-content-center"><li class="page-item"><a class="page-link" href="#" aria-label="Previous"><span aria-hidden="true">«</span><span class="sr-only">Previous</span></a></li><li class="page-item"><a class="page-link" href="#">1</a></li><li class="page-item disabled" aria-hidden="true"><span class="page-link">…</span></li><li class="page-item"><a class="page-link" href="#">49</a></li><li class="page-item active"><a class="page-link" href="#" aria-label="(current)"><span aria-hidden="true">50</span><span class="sr-only">(current)</span></a></li><li class="page-item"><a class="page-link" href="#">51</a></li><li class="page-item"><a class="page-link" href="#">52</a></li><li class="page-item disabled" aria-hidden="true"><span class="page-link">…</span></li><li class="page-item"><a class="page-link" href="#">100</a></li><li class="page-item"><a class="page-link" href="#" aria-label="Next"><span aria-hidden="true">»</span><span class="sr-only">Next</span></a></li></ul>"`;

exports[`Pagination style change detection adapts correctly when font-size changed to "40px" 1`] = `"<ul class="pagination justify-content-center"><li class="page-item"><a class="page-link" href="#" aria-label="Previous"><span aria-hidden="true">«</span><span class="sr-only">Previous</span></a></li><li class="page-item"><a class="page-link" href="#">1</a></li><li class="page-item disabled" aria-hidden="true"><span class="page-link">…</span></li><li class="page-item"><a class="page-link" href="#">49</a></li><li class="page-item active"><a class="page-link" href="#" aria-label="(current)"><span aria-hidden="true">50</span><span class="sr-only">(current)</span></a></li><li class="page-item"><a class="page-link" href="#">51</a></li><li class="page-item disabled" aria-hidden="true"><span class="page-link">…</span></li><li class="page-item"><a class="page-link" href="#">100</a></li><li class="page-item"><a class="page-link" href="#" aria-label="Next"><span aria-hidden="true">»</span><span class="sr-only">Next</span></a></li></ul>"`;

exports[`Pagination style change detection adapts correctly when font-size changed to "inherit" 1`] = `"<ul class="pagination justify-content-center"><li class="page-item"><a class="page-link" href="#" aria-label="Previous"><span aria-hidden="true">«</span><span class="sr-only">Previous</span></a></li><li class="page-item"><a class="page-link" href="#">1</a></li><li class="page-item disabled" aria-hidden="true"><span class="page-link">…</span></li><li class="page-item"><a class="page-link" href="#">48</a></li><li class="page-item"><a class="page-link" href="#">49</a></li><li class="page-item active"><a class="page-link" href="#" aria-label="(current)"><span aria-hidden="true">50</span><span class="sr-only">(current)</span></a></li><li class="page-item"><a class="page-link" href="#">51</a></li><li class="page-item"><a class="page-link" href="#">52</a></li><li class="page-item"><a class="page-link" href="#">53</a></li><li class="page-item disabled" aria-hidden="true"><span class="page-link">…</span></li><li class="page-item"><a class="page-link" href="#">100</a></li><li class="page-item"><a class="page-link" href="#" aria-label="Next"><span aria-hidden="true">»</span><span class="sr-only">Next</span></a></li></ul>"`;

exports[`Pagination style change detection adapts correctly when font-size changed to "inherit" 2`] = `"<ul class="pagination justify-content-center"><li class="page-item"><a class="page-link" href="#" aria-label="Previous"><span aria-hidden="true">«</span><span class="sr-only">Previous</span></a></li><li class="page-item"><a class="page-link" href="#">1</a></li><li class="page-item disabled" aria-hidden="true"><span class="page-link">…</span></li><li class="page-item"><a class="page-link" href="#">48</a></li><li class="page-item"><a class="page-link" href="#">49</a></li><li class="page-item active"><a class="page-link" href="#" aria-label="(current)"><span aria-hidden="true">50</span><span class="sr-only">(current)</span></a></li><li class="page-item"><a class="page-link" href="#">51</a></li><li class="page-item"><a class="page-link" href="#">52</a></li><li class="page-item"><a class="page-link" href="#">53</a></li><li class="page-item disabled" aria-hidden="true"><span class="page-link">…</span></li><li class="page-item"><a class="page-link" href="#">100</a></li><li class="page-item"><a class="page-link" href="#" aria-label="Next"><span aria-hidden="true">»</span><span class="sr-only">Next</span></a></li></ul>"`;
