// Jest Snapshot v1, https://goo.gl/fbAQLP

exports[`Style Override Setting override-margins to "previous-auto-margin", "next-auto-margin" 1`] = `"<ul class="pagination justify-content-center" style=""><li class="page-item disabled previous-auto-margin"><span class="page-link" aria-label="Previous"><span aria-hidden="true">«</span></span></li><li class="page-item active" aria-current="page"><a class="page-link" href="#">1</a></li><li class="page-item"><a class="page-link" href="#">2</a></li><li class="page-item"><a class="page-link" href="#">3</a></li><li class="page-item"><a class="page-link" href="#">4</a></li><li class="page-item"><a class="page-link" href="#">5</a></li><li class="page-item"><a class="page-link" href="#">6</a></li><li class="page-item"><a class="page-link" href="#">7</a></li><li class="page-item"><a class="page-link" href="#">8</a></li><li class="page-item"><a class="page-link" href="#">9</a></li><li class="page-item"><a class="page-link" href="#">10</a></li><li class="page-item"><a class="page-link" href="#">11</a></li><li class="page-item"><a class="page-link" href="#">12</a></li><li class="page-item"><a class="page-link" href="#">13</a></li><li class="page-item"><a class="page-link" href="#">14</a></li><li class="page-item disabled" aria-hidden="true"><span class="page-link">…</span></li><li class="page-item"><a class="page-link" href="#">100</a></li><li class="page-item next-auto-margin"><a class="page-link" href="#" aria-label="Next"><span aria-hidden="true">»</span></a></li></ul>"`;

exports[`Style Override Setting override-margins to "previous-auto-margin", undefined 1`] = `"<ul class="pagination justify-content-center" style=""><li class="page-item disabled previous-auto-margin"><span class="page-link" aria-label="Previous"><span aria-hidden="true">«</span></span></li><li class="page-item active" aria-current="page"><a class="page-link" href="#">1</a></li><li class="page-item"><a class="page-link" href="#">2</a></li><li class="page-item"><a class="page-link" href="#">3</a></li><li class="page-item"><a class="page-link" href="#">4</a></li><li class="page-item"><a class="page-link" href="#">5</a></li><li class="page-item"><a class="page-link" href="#">6</a></li><li class="page-item"><a class="page-link" href="#">7</a></li><li class="page-item"><a class="page-link" href="#">8</a></li><li class="page-item"><a class="page-link" href="#">9</a></li><li class="page-item"><a class="page-link" href="#">10</a></li><li class="page-item"><a class="page-link" href="#">11</a></li><li class="page-item"><a class="page-link" href="#">12</a></li><li class="page-item"><a class="page-link" href="#">13</a></li><li class="page-item"><a class="page-link" href="#">14</a></li><li class="page-item disabled" aria-hidden="true"><span class="page-link">…</span></li><li class="page-item"><a class="page-link" href="#">100</a></li><li class="page-item"><a class="page-link" href="#" aria-label="Next"><span aria-hidden="true">»</span></a></li></ul>"`;

exports[`Style Override Setting override-margins to "previous-auto-margin-large", "next-auto-margin-large" 1`] = `"<ul class="pagination justify-content-center" style=""><li class="page-item disabled previous-auto-margin-large"><span class="page-link" aria-label="Previous"><span aria-hidden="true">«</span></span></li><li class="page-item active" aria-current="page"><a class="page-link" href="#">1</a></li><li class="page-item"><a class="page-link" href="#">2</a></li><li class="page-item"><a class="page-link" href="#">3</a></li><li class="page-item"><a class="page-link" href="#">4</a></li><li class="page-item"><a class="page-link" href="#">5</a></li><li class="page-item"><a class="page-link" href="#">6</a></li><li class="page-item"><a class="page-link" href="#">7</a></li><li class="page-item"><a class="page-link" href="#">8</a></li><li class="page-item"><a class="page-link" href="#">9</a></li><li class="page-item disabled" aria-hidden="true"><span class="page-link">…</span></li><li class="page-item"><a class="page-link" href="#">100</a></li><li class="page-item next-auto-margin-large"><a class="page-link" href="#" aria-label="Next"><span aria-hidden="true">»</span></a></li></ul>"`;

exports[`Style Override Setting override-margins to "previous-auto-margin-large", undefined 1`] = `"<ul class="pagination justify-content-center" style=""><li class="page-item disabled previous-auto-margin-large"><span class="page-link" aria-label="Previous"><span aria-hidden="true">«</span></span></li><li class="page-item active" aria-current="page"><a class="page-link" href="#">1</a></li><li class="page-item"><a class="page-link" href="#">2</a></li><li class="page-item"><a class="page-link" href="#">3</a></li><li class="page-item"><a class="page-link" href="#">4</a></li><li class="page-item"><a class="page-link" href="#">5</a></li><li class="page-item"><a class="page-link" href="#">6</a></li><li class="page-item"><a class="page-link" href="#">7</a></li><li class="page-item"><a class="page-link" href="#">8</a></li><li class="page-item"><a class="page-link" href="#">9</a></li><li class="page-item"><a class="page-link" href="#">10</a></li><li class="page-item"><a class="page-link" href="#">11</a></li><li class="page-item"><a class="page-link" href="#">12</a></li><li class="page-item disabled" aria-hidden="true"><span class="page-link">…</span></li><li class="page-item"><a class="page-link" href="#">100</a></li><li class="page-item"><a class="page-link" href="#" aria-label="Next"><span aria-hidden="true">»</span></a></li></ul>"`;

exports[`Style Override Setting override-margins to undefined, "next-auto-margin" 1`] = `"<ul class="pagination justify-content-center" style=""><li class="page-item disabled"><span class="page-link" aria-label="Previous"><span aria-hidden="true">«</span></span></li><li class="page-item active" aria-current="page"><a class="page-link" href="#">1</a></li><li class="page-item"><a class="page-link" href="#">2</a></li><li class="page-item"><a class="page-link" href="#">3</a></li><li class="page-item"><a class="page-link" href="#">4</a></li><li class="page-item"><a class="page-link" href="#">5</a></li><li class="page-item"><a class="page-link" href="#">6</a></li><li class="page-item"><a class="page-link" href="#">7</a></li><li class="page-item"><a class="page-link" href="#">8</a></li><li class="page-item"><a class="page-link" href="#">9</a></li><li class="page-item"><a class="page-link" href="#">10</a></li><li class="page-item"><a class="page-link" href="#">11</a></li><li class="page-item"><a class="page-link" href="#">12</a></li><li class="page-item"><a class="page-link" href="#">13</a></li><li class="page-item"><a class="page-link" href="#">14</a></li><li class="page-item disabled" aria-hidden="true"><span class="page-link">…</span></li><li class="page-item"><a class="page-link" href="#">100</a></li><li class="page-item next-auto-margin"><a class="page-link" href="#" aria-label="Next"><span aria-hidden="true">»</span></a></li></ul>"`;

exports[`Style Override Setting override-margins to undefined, undefined 1`] = `"<ul class="pagination justify-content-center" style=""><li class="page-item disabled"><span class="page-link" aria-label="Previous"><span aria-hidden="true">«</span></span></li><li class="page-item active" aria-current="page"><a class="page-link" href="#">1</a></li><li class="page-item"><a class="page-link" href="#">2</a></li><li class="page-item"><a class="page-link" href="#">3</a></li><li class="page-item"><a class="page-link" href="#">4</a></li><li class="page-item"><a class="page-link" href="#">5</a></li><li class="page-item"><a class="page-link" href="#">6</a></li><li class="page-item"><a class="page-link" href="#">7</a></li><li class="page-item"><a class="page-link" href="#">8</a></li><li class="page-item"><a class="page-link" href="#">9</a></li><li class="page-item"><a class="page-link" href="#">10</a></li><li class="page-item"><a class="page-link" href="#">11</a></li><li class="page-item"><a class="page-link" href="#">12</a></li><li class="page-item"><a class="page-link" href="#">13</a></li><li class="page-item"><a class="page-link" href="#">14</a></li><li class="page-item disabled" aria-hidden="true"><span class="page-link">…</span></li><li class="page-item"><a class="page-link" href="#">100</a></li><li class="page-item"><a class="page-link" href="#" aria-label="Next"><span aria-hidden="true">»</span></a></li></ul>"`;
