// Jest Snapshot v1, https://goo.gl/fbAQLP

exports[`linkHref Setting linkHref to "hash" 1`] = `"<ul class="pagination justify-content-center" style=""><li class="page-item disabled"><span class="page-link" aria-label="Previous"><span aria-hidden="true">«</span></span></li><li class="page-item active" aria-current="page"><a class="page-link" href="#">1</a></li><li class="page-item"><a class="page-link" href="#">2</a></li><li class="page-item"><a class="page-link" href="#">3</a></li><li class="page-item"><a class="page-link" href="#">4</a></li><li class="page-item"><a class="page-link" href="#">5</a></li><li class="page-item"><a class="page-link" href="#">6</a></li><li class="page-item"><a class="page-link" href="#">7</a></li><li class="page-item"><a class="page-link" href="#">8</a></li><li class="page-item"><a class="page-link" href="#">9</a></li><li class="page-item"><a class="page-link" href="#">10</a></li><li class="page-item"><a class="page-link" href="#">11</a></li><li class="page-item"><a class="page-link" href="#">12</a></li><li class="page-item"><a class="page-link" href="#">13</a></li><li class="page-item"><a class="page-link" href="#">14</a></li><li class="page-item disabled" aria-hidden="true"><span class="page-link">…</span></li><li class="page-item"><a class="page-link" href="#">100</a></li><li class="page-item"><a class="page-link" href="#" aria-label="Next"><span aria-hidden="true">»</span></a></li></ul>"`;

exports[`linkHref Setting linkHref to "omit" 1`] = `"<ul class="pagination justify-content-center" style=""><li class="page-item disabled"><span class="page-link" aria-label="Previous"><span aria-hidden="true">«</span></span></li><li class="page-item active" aria-current="page"><a class="page-link">1</a></li><li class="page-item"><a class="page-link">2</a></li><li class="page-item"><a class="page-link">3</a></li><li class="page-item"><a class="page-link">4</a></li><li class="page-item"><a class="page-link">5</a></li><li class="page-item"><a class="page-link">6</a></li><li class="page-item"><a class="page-link">7</a></li><li class="page-item"><a class="page-link">8</a></li><li class="page-item"><a class="page-link">9</a></li><li class="page-item"><a class="page-link">10</a></li><li class="page-item"><a class="page-link">11</a></li><li class="page-item"><a class="page-link">12</a></li><li class="page-item"><a class="page-link">13</a></li><li class="page-item"><a class="page-link">14</a></li><li class="page-item disabled" aria-hidden="true"><span class="page-link">…</span></li><li class="page-item"><a class="page-link">100</a></li><li class="page-item"><a class="page-link" aria-label="Next"><span aria-hidden="true">»</span></a></li></ul>"`;

exports[`linkHref Setting linkHref to a function 1`] = `"<ul class="pagination justify-content-center" style=""><li class="page-item disabled"><span class="page-link" aria-label="Previous"><span aria-hidden="true">«</span></span></li><li class="page-item active" aria-current="page"><a class="page-link" href="/test-page/1">1</a></li><li class="page-item"><a class="page-link" href="/test-page/2">2</a></li><li class="page-item"><a class="page-link" href="/test-page/3">3</a></li><li class="page-item"><a class="page-link" href="/test-page/4">4</a></li><li class="page-item"><a class="page-link" href="/test-page/5">5</a></li><li class="page-item"><a class="page-link" href="/test-page/6">6</a></li><li class="page-item"><a class="page-link" href="/test-page/7">7</a></li><li class="page-item"><a class="page-link" href="/test-page/8">8</a></li><li class="page-item"><a class="page-link" href="/test-page/9">9</a></li><li class="page-item"><a class="page-link" href="/test-page/10">10</a></li><li class="page-item"><a class="page-link" href="/test-page/11">11</a></li><li class="page-item"><a class="page-link" href="/test-page/12">12</a></li><li class="page-item"><a class="page-link" href="/test-page/13">13</a></li><li class="page-item"><a class="page-link" href="/test-page/14">14</a></li><li class="page-item disabled" aria-hidden="true"><span class="page-link">…</span></li><li class="page-item"><a class="page-link" href="/test-page/100">100</a></li><li class="page-item"><a class="page-link" aria-label="Next" href="/test-page/2"><span aria-hidden="true">»</span></a></li></ul>"`;

exports[`linkHref Setting linkHref to undefined 1`] = `"<ul class="pagination justify-content-center" style=""><li class="page-item disabled"><span class="page-link" aria-label="Previous"><span aria-hidden="true">«</span></span></li><li class="page-item active" aria-current="page"><a class="page-link" href="#">1</a></li><li class="page-item"><a class="page-link" href="#">2</a></li><li class="page-item"><a class="page-link" href="#">3</a></li><li class="page-item"><a class="page-link" href="#">4</a></li><li class="page-item"><a class="page-link" href="#">5</a></li><li class="page-item"><a class="page-link" href="#">6</a></li><li class="page-item"><a class="page-link" href="#">7</a></li><li class="page-item"><a class="page-link" href="#">8</a></li><li class="page-item"><a class="page-link" href="#">9</a></li><li class="page-item"><a class="page-link" href="#">10</a></li><li class="page-item"><a class="page-link" href="#">11</a></li><li class="page-item"><a class="page-link" href="#">12</a></li><li class="page-item"><a class="page-link" href="#">13</a></li><li class="page-item"><a class="page-link" href="#">14</a></li><li class="page-item disabled" aria-hidden="true"><span class="page-link">…</span></li><li class="page-item"><a class="page-link" href="#">100</a></li><li class="page-item"><a class="page-link" href="#" aria-label="Next"><span aria-hidden="true">»</span></a></li></ul>"`;
